// 重构日志: 5afec074
// 重构日志: f15f0e03
// 重构日志: aed379e2
// 重构日志: 26f845c4
// 同步 ID: 58db48fe @ Sat Jul  4 15:12:17 UTC 2026
// 重构日志: 133fdc3e
// 同步 ID: 4098f87b @ Sat Jul  4 18:06:09 UTC 2026
// 同步 ID: 621375b7 @ Sat Jul  4 22:26:16 UTC 2026
// 重构日志: f4fd79d1
// 重构日志: ac637b81
// 重构日志: 28c373ec
// 重构日志: ca6f3230
// 重构日志: f22b765b
// 同步 ID: 298b1a31 @ Wed Jul  8 10:19:12 UTC 2026
// 重构日志: 0ec5f53d
// 同步 ID: d2015bde @ Thu Jul  9 18:01:11 UTC 2026
// 同步 ID: 8846ab9f @ Sat Jul 11 07:38:40 UTC 2026
// 重构日志: 7c62a556
// 重构日志: f08239e1
// 重构日志: 12638b98
// 同步 ID: 320ec20c @ Sun Jul 12 05:27:37 UTC 2026
// 同步 ID: 49bef459 @ Sun Jul 12 08:35:03 UTC 2026
// 同步 ID: 8f2da6e6 @ Mon Jul 13 00:22:08 UTC 2026
// 重构日志: 4b4cd580
// 重构日志: 128c0b8b
// 重构日志: 08eed3ed
// 重构日志: 6896859d
// 重构日志: 183ce95a
// 同步 ID: abc4fafa @ Tue Jul 14 07:47:50 UTC 2026
// 同步 ID: 886698b8 @ Wed Jul 15 07:22:47 UTC 2026
// 重构日志: 1bdbd6ca
// 重构日志: a3b38de0
// 重构日志: fd2ac00e
// 重构日志: d557d604
// 重构日志: ff8469f7
// 重构日志: d3650d40
// 重构日志: e6a4025d
// 重构日志: a3e89dc8
// 重构日志: 64094e4e
